ERROR - 2026-05-05 21:43:00 --> Error connecting to the database: mysqli_sql_exception: Access denied for user 'sistema_doacao'@'localhost' (using password: YES) in C:\wamp64\www\sistema_doacao\system\Database\MySQLi\Connection.php:201
Stack trace:
#0 C:\wamp64\www\sistema_doacao\system\Database\MySQLi\Connection.php(201): mysqli->real_connect('localhost', 'sistema_doacao', Object(SensitiveParameterValue), 'sistema_doacao', 3306, '', 0)
#1 C:\wamp64\www\sistema_doacao\system\Database\BaseConnection.php(555): CodeIgniter\Database\MySQLi\Connection->connect(false)
#2 C:\wamp64\www\sistema_doacao\system\Database\BaseConnection.php(795): CodeIgniter\Database\BaseConnection->initialize()
#3 C:\wamp64\www\sistema_doacao\system\Database\BaseBuilder.php(2345): CodeIgniter\Database\BaseConnection->query('INSERT INTO `cl...', Array, false)
#4 C:\wamp64\www\sistema_doacao\system\Model.php(355): CodeIgniter\Database\BaseBuilder->insert()
#5 C:\wamp64\www\sistema_doacao\system\BaseModel.php(899): CodeIgniter\Model->doInsert(Array)
#6 C:\wamp64\www\sistema_doacao\system\Model.php(668): CodeIgniter\BaseModel->insert(Array, true)
#7 C:\wamp64\www\sistema_doacao\app\Controllers\Cliente.php(34): CodeIgniter\Model->insert(Array)
#8 C:\wamp64\www\sistema_doacao\system\CodeIgniter.php(951): App\Controllers\Cliente->salvar()
#9 C:\wamp64\www\sistema_doacao\system\CodeIgniter.php(497): CodeIgniter\CodeIgniter->runController(Object(App\Controllers\Cliente))
#10 C:\wamp64\www\sistema_doacao\system\CodeIgniter.php(340): CodeIgniter\CodeIgniter->handleRequest(NULL, Object(Config\Cache), false)
#11 C:\wamp64\www\sistema_doacao\system\Boot.php(417): CodeIgniter\CodeIgniter->run()
#12 C:\wamp64\www\sistema_doacao\system\Boot.php(68): CodeIgniter\Boot::runCodeIgniter(Object(CodeIgniter\CodeIgniter))
#13 C:\wamp64\www\sistema_doacao\public\index.php(59): CodeIgniter\Boot::bootWeb(Object(Config\Paths))
#14 {main}

Next CodeIgniter\Database\Exceptions\DatabaseException: Access denied for user '****'@'localhost' (using password: YES) in C:\wamp64\www\sistema_doacao\system\Database\MySQLi\Connection.php:231
Stack trace:
#0 C:\wamp64\www\sistema_doacao\system\Database\BaseConnection.php(555): CodeIgniter\Database\MySQLi\Connection->connect(false)
#1 C:\wamp64\www\sistema_doacao\system\Database\BaseConnection.php(795): CodeIgniter\Database\BaseConnection->initialize()
#2 C:\wamp64\www\sistema_doacao\system\Database\BaseBuilder.php(2345): CodeIgniter\Database\BaseConnection->query('INSERT INTO `cl...', Array, false)
#3 C:\wamp64\www\sistema_doacao\system\Model.php(355): CodeIgniter\Database\BaseBuilder->insert()
#4 C:\wamp64\www\sistema_doacao\system\BaseModel.php(899): CodeIgniter\Model->doInsert(Array)
#5 C:\wamp64\www\sistema_doacao\system\Model.php(668): CodeIgniter\BaseModel->insert(Array, true)
#6 C:\wamp64\www\sistema_doacao\app\Controllers\Cliente.php(34): CodeIgniter\Model->insert(Array)
#7 C:\wamp64\www\sistema_doacao\system\CodeIgniter.php(951): App\Controllers\Cliente->salvar()
#8 C:\wamp64\www\sistema_doacao\system\CodeIgniter.php(497): CodeIgniter\CodeIgniter->runController(Object(App\Controllers\Cliente))
#9 C:\wamp64\www\sistema_doacao\system\CodeIgniter.php(340): CodeIgniter\CodeIgniter->handleRequest(NULL, Object(Config\Cache), false)
#10 C:\wamp64\www\sistema_doacao\system\Boot.php(417): CodeIgniter\CodeIgniter->run()
#11 C:\wamp64\www\sistema_doacao\system\Boot.php(68): CodeIgniter\Boot::runCodeIgniter(Object(CodeIgniter\CodeIgniter))
#12 C:\wamp64\www\sistema_doacao\public\index.php(59): CodeIgniter\Boot::bootWeb(Object(Config\Paths))
#13 {main}
CRITICAL - 2026-05-05 21:43:00 --> CodeIgniter\Database\Exceptions\DatabaseException: Unable to connect to the database.
Main connection [MySQLi]: Access denied for user '****'@'localhost' (using password: YES)
[Method: POST, Route: cliente/salvar]
in SYSTEMPATH\Database\BaseConnection.php on line 606.
 1 SYSTEMPATH\Database\BaseConnection.php(795): CodeIgniter\Database\BaseConnection->initialize()
 2 SYSTEMPATH\Database\BaseBuilder.php(2345): CodeIgniter\Database\BaseConnection->query('INSERT INTO `cliente` (`nome`, `email`, `celular`, `data_nas`) VALUES (:nome:, :email:, :celular:, :data_nas:)', [...], false)
 3 SYSTEMPATH\Model.php(355): CodeIgniter\Database\BaseBuilder->insert()
 4 SYSTEMPATH\BaseModel.php(899): CodeIgniter\Model->doInsert([...])
 5 SYSTEMPATH\Model.php(668): CodeIgniter\BaseModel->insert([...], true)
 6 APPPATH\Controllers\Cliente.php(34): CodeIgniter\Model->insert([...])
 7 SYSTEMPATH\CodeIgniter.php(951): App\Controllers\Cliente->salvar()
 8 SYSTEMPATH\CodeIgniter.php(497): CodeIgniter\CodeIgniter->runController(Object(App\Controllers\Cliente))
 9 SYSTEMPATH\CodeIgniter.php(340): CodeIgniter\CodeIgniter->handleRequest(null, Object(Config\Cache), false)
10 SYSTEMPATH\Boot.php(417): CodeIgniter\CodeIgniter->run()
11 SYSTEMPATH\Boot.php(68): CodeIgniter\Boot::runCodeIgniter(Object(CodeIgniter\CodeIgniter))
12 FCPATH\index.php(59): CodeIgniter\Boot::bootWeb(Object(Config\Paths))
ERROR - 2026-05-05 21:44:23 --> Error connecting to the database: mysqli_sql_exception: Access denied for user 'sistema_doacao'@'localhost' (using password: YES) in C:\wamp64\www\sistema_doacao\system\Database\MySQLi\Connection.php:201
Stack trace:
#0 C:\wamp64\www\sistema_doacao\system\Database\MySQLi\Connection.php(201): mysqli->real_connect('localhost', 'sistema_doacao', Object(SensitiveParameterValue), 'sistema_doacao', 3306, '', 0)
#1 C:\wamp64\www\sistema_doacao\system\Database\BaseConnection.php(555): CodeIgniter\Database\MySQLi\Connection->connect(false)
#2 C:\wamp64\www\sistema_doacao\system\Database\BaseConnection.php(795): CodeIgniter\Database\BaseConnection->initialize()
#3 C:\wamp64\www\sistema_doacao\system\Database\BaseBuilder.php(2345): CodeIgniter\Database\BaseConnection->query('INSERT INTO `cl...', Array, false)
#4 C:\wamp64\www\sistema_doacao\system\Model.php(355): CodeIgniter\Database\BaseBuilder->insert()
#5 C:\wamp64\www\sistema_doacao\system\BaseModel.php(899): CodeIgniter\Model->doInsert(Array)
#6 C:\wamp64\www\sistema_doacao\system\Model.php(668): CodeIgniter\BaseModel->insert(Array, true)
#7 C:\wamp64\www\sistema_doacao\app\Controllers\Cliente.php(34): CodeIgniter\Model->insert(Array)
#8 C:\wamp64\www\sistema_doacao\system\CodeIgniter.php(951): App\Controllers\Cliente->salvar()
#9 C:\wamp64\www\sistema_doacao\system\CodeIgniter.php(497): CodeIgniter\CodeIgniter->runController(Object(App\Controllers\Cliente))
#10 C:\wamp64\www\sistema_doacao\system\CodeIgniter.php(340): CodeIgniter\CodeIgniter->handleRequest(NULL, Object(Config\Cache), false)
#11 C:\wamp64\www\sistema_doacao\system\Boot.php(417): CodeIgniter\CodeIgniter->run()
#12 C:\wamp64\www\sistema_doacao\system\Boot.php(68): CodeIgniter\Boot::runCodeIgniter(Object(CodeIgniter\CodeIgniter))
#13 C:\wamp64\www\sistema_doacao\public\index.php(59): CodeIgniter\Boot::bootWeb(Object(Config\Paths))
#14 {main}

Next CodeIgniter\Database\Exceptions\DatabaseException: Access denied for user '****'@'localhost' (using password: YES) in C:\wamp64\www\sistema_doacao\system\Database\MySQLi\Connection.php:231
Stack trace:
#0 C:\wamp64\www\sistema_doacao\system\Database\BaseConnection.php(555): CodeIgniter\Database\MySQLi\Connection->connect(false)
#1 C:\wamp64\www\sistema_doacao\system\Database\BaseConnection.php(795): CodeIgniter\Database\BaseConnection->initialize()
#2 C:\wamp64\www\sistema_doacao\system\Database\BaseBuilder.php(2345): CodeIgniter\Database\BaseConnection->query('INSERT INTO `cl...', Array, false)
#3 C:\wamp64\www\sistema_doacao\system\Model.php(355): CodeIgniter\Database\BaseBuilder->insert()
#4 C:\wamp64\www\sistema_doacao\system\BaseModel.php(899): CodeIgniter\Model->doInsert(Array)
#5 C:\wamp64\www\sistema_doacao\system\Model.php(668): CodeIgniter\BaseModel->insert(Array, true)
#6 C:\wamp64\www\sistema_doacao\app\Controllers\Cliente.php(34): CodeIgniter\Model->insert(Array)
#7 C:\wamp64\www\sistema_doacao\system\CodeIgniter.php(951): App\Controllers\Cliente->salvar()
#8 C:\wamp64\www\sistema_doacao\system\CodeIgniter.php(497): CodeIgniter\CodeIgniter->runController(Object(App\Controllers\Cliente))
#9 C:\wamp64\www\sistema_doacao\system\CodeIgniter.php(340): CodeIgniter\CodeIgniter->handleRequest(NULL, Object(Config\Cache), false)
#10 C:\wamp64\www\sistema_doacao\system\Boot.php(417): CodeIgniter\CodeIgniter->run()
#11 C:\wamp64\www\sistema_doacao\system\Boot.php(68): CodeIgniter\Boot::runCodeIgniter(Object(CodeIgniter\CodeIgniter))
#12 C:\wamp64\www\sistema_doacao\public\index.php(59): CodeIgniter\Boot::bootWeb(Object(Config\Paths))
#13 {main}
CRITICAL - 2026-05-05 21:44:23 --> CodeIgniter\Database\Exceptions\DatabaseException: Unable to connect to the database.
Main connection [MySQLi]: Access denied for user '****'@'localhost' (using password: YES)
[Method: POST, Route: cliente/salvar]
in SYSTEMPATH\Database\BaseConnection.php on line 606.
 1 SYSTEMPATH\Database\BaseConnection.php(795): CodeIgniter\Database\BaseConnection->initialize()
 2 SYSTEMPATH\Database\BaseBuilder.php(2345): CodeIgniter\Database\BaseConnection->query('INSERT INTO `cliente` (`nome`, `email`, `celular`, `data_nas`) VALUES (:nome:, :email:, :celular:, :data_nas:)', [...], false)
 3 SYSTEMPATH\Model.php(355): CodeIgniter\Database\BaseBuilder->insert()
 4 SYSTEMPATH\BaseModel.php(899): CodeIgniter\Model->doInsert([...])
 5 SYSTEMPATH\Model.php(668): CodeIgniter\BaseModel->insert([...], true)
 6 APPPATH\Controllers\Cliente.php(34): CodeIgniter\Model->insert([...])
 7 SYSTEMPATH\CodeIgniter.php(951): App\Controllers\Cliente->salvar()
 8 SYSTEMPATH\CodeIgniter.php(497): CodeIgniter\CodeIgniter->runController(Object(App\Controllers\Cliente))
 9 SYSTEMPATH\CodeIgniter.php(340): CodeIgniter\CodeIgniter->handleRequest(null, Object(Config\Cache), false)
10 SYSTEMPATH\Boot.php(417): CodeIgniter\CodeIgniter->run()
11 SYSTEMPATH\Boot.php(68): CodeIgniter\Boot::runCodeIgniter(Object(CodeIgniter\CodeIgniter))
12 FCPATH\index.php(59): CodeIgniter\Boot::bootWeb(Object(Config\Paths))
DEBUG - 2026-05-05 22:58:06 --> Session: Class initialized using 'CodeIgniter\Session\Handlers\FileHandler' driver.
DEBUG - 2026-05-05 22:58:27 --> Session: Class initialized using 'CodeIgniter\Session\Handlers\FileHandler' driver.
CRITICAL - 2026-05-05 23:08:28 --> ErrorException: Cannot redeclare App\Controllers\Cliente::autenticar()
[Method: POST, Route: cliente/autenticar]
in APPPATH\Controllers\Cliente.php on line 65.
 1 [internal function]: CodeIgniter\Debug\Exceptions->shutdownHandler()
DEBUG - 2026-05-05 23:08:50 --> Session: Class initialized using 'CodeIgniter\Session\Handlers\FileHandler' driver.
DEBUG - 2026-05-05 23:08:50 --> Session: Class initialized using 'CodeIgniter\Session\Handlers\FileHandler' driver.
DEBUG - 2026-05-05 23:08:54 --> Session: Class initialized using 'CodeIgniter\Session\Handlers\FileHandler' driver.
DEBUG - 2026-05-05 23:16:22 --> Session: Class initialized using 'CodeIgniter\Session\Handlers\FileHandler' driver.
CRITICAL - 2026-05-05 23:16:30 --> ErrorException: Undefined array key "senha"
[Method: POST, Route: cliente/autenticar]
in APPPATH\Controllers\Cliente.php on line 23.
 1 APPPATH\Controllers\Cliente.php(23): CodeIgniter\Debug\Exceptions->errorHandler(2, 'Undefined array key "senha"', 'C:\\wamp64\\www\\sistema_doacao\\app\\Controllers\\Cliente.php', 23)
 2 SYSTEMPATH\CodeIgniter.php(951): App\Controllers\Cliente->autenticar()
 3 SYSTEMPATH\CodeIgniter.php(497): CodeIgniter\CodeIgniter->runController(Object(App\Controllers\Cliente))
 4 SYSTEMPATH\CodeIgniter.php(340): CodeIgniter\CodeIgniter->handleRequest(null, Object(Config\Cache), false)
 5 SYSTEMPATH\Boot.php(417): CodeIgniter\CodeIgniter->run()
 6 SYSTEMPATH\Boot.php(68): CodeIgniter\Boot::runCodeIgniter(Object(CodeIgniter\CodeIgniter))
 7 FCPATH\index.php(59): CodeIgniter\Boot::bootWeb(Object(Config\Paths))
DEBUG - 2026-05-05 23:17:34 --> Session: Class initialized using 'CodeIgniter\Session\Handlers\FileHandler' driver.
DEBUG - 2026-05-05 23:17:34 --> Session: Class initialized using 'CodeIgniter\Session\Handlers\FileHandler' driver.
DEBUG - 2026-05-05 23:24:45 --> Session: Class initialized using 'CodeIgniter\Session\Handlers\FileHandler' driver.
DEBUG - 2026-05-05 23:24:46 --> Session: Class initialized using 'CodeIgniter\Session\Handlers\FileHandler' driver.
